#-----------------------------------------------------------
# Vivado v2021.2 (64-bit)
# SW Build 3367213 on Tue Oct 19 02:48:09 MDT 2021
# IP Build 3369179 on Thu Oct 21 08:25:16 MDT 2021
# Start of session at: Fri Apr  7 18:22:54 2023
# Process ID: 68
# Current directory: C:/Users/binup/HobbyProjects/ActiveProjects/Git_repos/microbuzz/projects/arty-z7-counter/vhdl/vivado/counter/counter.runs/synth_1
# Command line: vivado.exe -log counter.vds -product Vivado -mode batch -messageDb vivado.pb -notrace -source counter.tcl
# Log file: C:/Users/binup/HobbyProjects/ActiveProjects/Git_repos/microbuzz/projects/arty-z7-counter/vhdl/vivado/counter/counter.runs/synth_1/counter.vds
# Journal file: C:/Users/binup/HobbyProjects/ActiveProjects/Git_repos/microbuzz/projects/arty-z7-counter/vhdl/vivado/counter/counter.runs/synth_1\vivado.jou
# Running On: binupr-home-nuc, OS: Windows, CPU Frequency: 2803 MHz, CPU Physical cores: 4, Host memory: 33966 MB
#-----------------------------------------------------------
source counter.tcl -notrace
